../Core/Src/main.c:73:6:change_freq	32	static
../Core/Src/main.c:82:9:get_max_abs_value	24	static
../Core/Src/main.c:97:9:get_min_abs_value	24	static
../Core/Src/main.c:119:5:main	24	static
../Core/Src/main.c:214:6:SystemClock_Config	88	static
../Core/Src/main.c:261:13:MX_I2C1_Init	8	static
../Core/Src/main.c:295:13:MX_I2S3_Init	8	static
../Core/Src/main.c:327:13:MX_DMA_Init	16	static
../Core/Src/main.c:345:13:MX_GPIO_Init	56	static
../Core/Src/main.c:466:6:Error_Handler	4	static,ignoring_inline_asm
